Start time: Sun May 10 16:22:16 2026

              |===========================|
              |      REGENIE v3.4.gz      |
              |===========================|

Copyright (c) 2020-2023 Joelle Mbatchou, Andrey Ziyatdinov and Jonathan Marchini.
Distributed under the MIT License.
Compiled with Boost Iostream library.

Log of output saved in file : results/regenie/addit2_step1.log

Options in effect:
  --step 1 \
  --bed data_for_regenie/data_filtered \
  --phenoFile data/runs/addit2/final_phenotype.txt \
  --qt \
  --bsize 1000 \
  --out results/regenie/addit2_step1

Fitting null model
 * bim              : [data_for_regenie/data_filtered.bim] n_snps = 5233
 * fam              : [data_for_regenie/data_filtered.fam] n_samples = 2504
 * bed              : [data_for_regenie/data_filtered.bed]
 * phenotypes       : [data/runs/addit2/final_phenotype.txt] n_pheno = 1
   -dropping observations with missing values at any of the phenotypes
   -number of phenotyped individuals with no missing data = 2504
 * number of individuals used in analysis = 2504
 * number of observations for each trait:
   - 'Phenotype_1': 2504 observations
   -residualizing and scaling phenotypes...done (0ms) 
 * # threads        : [7]
 * block size       : [1000]
 * # blocks         : [6] for 5233 variants
 * # CV folds       : [5]
 * ridge data_l0    : [5 : 0.01 0.25 0.5 0.75 0.99 ]
 * ridge data_l1    : [5 : 0.01 0.25 0.5 0.75 0.99 ]
 * approximate memory usage : 22MB
 * setting memory...done

Chromosome 15
 block [1] : 1000 snps  (31ms) 
   -residualizing and scaling genotypes...done (18ms) 
   -calc working matrices...done (450ms) 
   -calc level 0 ridge...done (3858ms) 
 block [2] : 1000 snps  (26ms) 
   -residualizing and scaling genotypes...done (8ms) 
   -calc working matrices...done (418ms) 
   -calc level 0 ridge...done (3602ms) 
 block [3] : 1000 snps  (26ms) 
   -residualizing and scaling genotypes...done (8ms) 
   -calc working matrices...done (421ms) 
   -calc level 0 ridge...done (3368ms) 
 block [4] : 1000 snps  (26ms) 
   -residualizing and scaling genotypes...done (8ms) 
   -calc working matrices...done (419ms) 
   -calc level 0 ridge...done (3771ms) 
 block [5] : 1000 snps  (26ms) 
   -residualizing and scaling genotypes...done (8ms) 
   -calc working matrices...done (418ms) 
   -calc level 0 ridge...done (3663ms) 
 block [6] : 233 snps  (6ms) 
   -residualizing and scaling genotypes...done (1ms) 
   -calc working matrices...done (23ms) 
   -calc level 0 ridge...done (53ms) 

 Level 1 ridge...
   -on phenotype 1 (Phenotype_1)...done (1ms) 

Output
------
phenotype 1 (Phenotype_1) : 
  0.01  : Rsq = 0.616893, MSE = 0.408579
  0.25  : Rsq = 0.672561, MSE = 0.327465
  0.5   : Rsq = 0.675034, MSE = 0.324842
  0.75  : Rsq = 0.676547, MSE = 0.323331
  0.99  : Rsq = 0.677156, MSE = 0.32279<- min value
  * making predictions...writing LOCO predictions...done (39ms) 

List of blup files written to: [results/regenie/addit2_step1_pred.list]

Elapsed time : 20.7712s
End time: Sun May 10 16:22:37 2026

