Start time: Sun May 10 20:30:48 2026

              |===========================|
              |      REGENIE v3.4.gz      |
              |===========================|

Copyright (c) 2020-2023 Joelle Mbatchou, Andrey Ziyatdinov and Jonathan Marchini.
Distributed under the MIT License.
Compiled with Boost Iostream library.

Log of output saved in file : results/regenie/b_lin_ld_seed9_step1.log

Options in effect:
  --step 1 \
  --bed data_for_regenie/data_filtered \
  --phenoFile data/runs/b_lin_ld_seed9/final_phenotype.txt \
  --bt \
  --bsize 1000 \
  --out results/regenie/b_lin_ld_seed9_step1

Fitting null model
 * bim              : [data_for_regenie/data_filtered.bim] n_snps = 5233
 * fam              : [data_for_regenie/data_filtered.fam] n_samples = 2504
 * bed              : [data_for_regenie/data_filtered.bed]
 * phenotypes       : [data/runs/b_lin_ld_seed9/final_phenotype.txt] n_pheno = 1
   -dropping observations with missing values at any of the phenotypes
   -number of phenotyped individuals with no missing data = 2504
 * number of individuals used in analysis = 2504
 * case-control counts for each trait:
   - 'Phenotype_1': 494 cases and 2010 controls
   -fitting null logistic regression on binary phenotypes...done (0ms) 
   -residualizing and scaling phenotypes...done (0ms) 
   -WARNING: Sample size is less than 5,000 so using LOOCV instead of 5-fold CV.
 * # threads        : [7]
 * block size       : [1000]
 * # blocks         : [6] for 5233 variants
 * # CV folds       : [2504]
 * ridge data_l0    : [5 : 0.01 0.25 0.5 0.75 0.99 ]
 * ridge data_l1    : [5 : 0.01 0.25 0.5 0.75 0.99 ]
 * approximate memory usage : 975MB
 * setting memory...done

Chromosome 15
 block [1] : 1000 snps  (17ms) 
   -residualizing and scaling genotypes...done (11ms) 
   -calc working matrices...done (749ms) 
   -calc level 0 ridge...done (272ms) 
 block [2] : 1000 snps  (16ms) 
   -residualizing and scaling genotypes...done (7ms) 
   -calc working matrices...done (723ms) 
   -calc level 0 ridge...done (272ms) 
 block [3] : 1000 snps  (16ms) 
   -residualizing and scaling genotypes...done (6ms) 
   -calc working matrices...done (693ms) 
   -calc level 0 ridge...done (265ms) 
 block [4] : 1000 snps  (16ms) 
   -residualizing and scaling genotypes...done (6ms) 
   -calc working matrices...done (740ms) 
   -calc level 0 ridge...done (266ms) 
 block [5] : 1000 snps  (16ms) 
   -residualizing and scaling genotypes...done (6ms) 
   -calc working matrices...done (733ms) 
   -calc level 0 ridge...done (266ms) 
 block [6] : 233 snps  (3ms) 
   -residualizing and scaling genotypes...done (2ms) 
   -calc working matrices...done (23ms) 
   -calc level 0 ridge...done (17ms) 

 Level 1 ridge with logistic regression...
   -on phenotype 1 (Phenotype_1)...done (12ms) 

Output
------
phenotype 1 (Phenotype_1) : 
  0.01  : Rsq = 0.54747, MSE = 0.0813341, -logLik/N = 0.28886
  0.25  : Rsq = 0.586819, MSE = 0.074207, -logLik/N = 0.260975
  0.5   : Rsq = 0.586053, MSE = 0.0745313, -logLik/N = 0.260773<- min value
  0.75  : Rsq = 0.585015, MSE = 0.0748135, -logLik/N = 0.260945
  0.99  : Rsq = 0.58367, MSE = 0.0751959, -logLik/N = 0.261399
  * making predictions...writing LOCO predictions...done (26ms) 

List of blup files written to: [results/regenie/b_lin_ld_seed9_step1_pred.list]

Elapsed time : 5.22646s
End time: Sun May 10 20:30:53 2026

