Start time: Sun May 10 20:29:38 2026

              |===========================|
              |      REGENIE v3.4.gz      |
              |===========================|

Copyright (c) 2020-2023 Joelle Mbatchou, Andrey Ziyatdinov and Jonathan Marchini.
Distributed under the MIT License.
Compiled with Boost Iostream library.

Log of output saved in file : results/regenie/b_lin_seed4_step1.log

Options in effect:
  --step 1 \
  --bed data_for_regenie/data_filtered \
  --phenoFile data/runs/b_lin_seed4/final_phenotype.txt \
  --bt \
  --bsize 1000 \
  --out results/regenie/b_lin_seed4_step1

Fitting null model
 * bim              : [data_for_regenie/data_filtered.bim] n_snps = 5233
 * fam              : [data_for_regenie/data_filtered.fam] n_samples = 2504
 * bed              : [data_for_regenie/data_filtered.bed]
 * phenotypes       : [data/runs/b_lin_seed4/final_phenotype.txt] n_pheno = 1
   -dropping observations with missing values at any of the phenotypes
   -number of phenotyped individuals with no missing data = 2504
 * number of individuals used in analysis = 2504
 * case-control counts for each trait:
   - 'Phenotype_1': 287 cases and 2217 controls
   -fitting null logistic regression on binary phenotypes...done (0ms) 
   -residualizing and scaling phenotypes...done (0ms) 
   -WARNING: Sample size is less than 5,000 so using LOOCV instead of 5-fold CV.
 * # threads        : [7]
 * block size       : [1000]
 * # blocks         : [6] for 5233 variants
 * # CV folds       : [2504]
 * ridge data_l0    : [5 : 0.01 0.25 0.5 0.75 0.99 ]
 * ridge data_l1    : [5 : 0.01 0.25 0.5 0.75 0.99 ]
 * approximate memory usage : 975MB
 * setting memory...done

Chromosome 15
 block [1] : 1000 snps  (18ms) 
   -residualizing and scaling genotypes...done (11ms) 
   -calc working matrices...done (756ms) 
   -calc level 0 ridge...done (278ms) 
 block [2] : 1000 snps  (16ms) 
   -residualizing and scaling genotypes...done (6ms) 
   -calc working matrices...done (731ms) 
   -calc level 0 ridge...done (263ms) 
 block [3] : 1000 snps  (16ms) 
   -residualizing and scaling genotypes...done (6ms) 
   -calc working matrices...done (695ms) 
   -calc level 0 ridge...done (267ms) 
 block [4] : 1000 snps  (16ms) 
   -residualizing and scaling genotypes...done (6ms) 
   -calc working matrices...done (744ms) 
   -calc level 0 ridge...done (265ms) 
 block [5] : 1000 snps  (16ms) 
   -residualizing and scaling genotypes...done (6ms) 
   -calc working matrices...done (793ms) 
   -calc level 0 ridge...done (346ms) 
 block [6] : 233 snps  (3ms) 
   -residualizing and scaling genotypes...done (4ms) 
   -calc working matrices...done (31ms) 
   -calc level 0 ridge...done (21ms) 

 Level 1 ridge with logistic regression...
   -on phenotype 1 (Phenotype_1)...done (15ms) 

Output
------
phenotype 1 (Phenotype_1) : 
  0.01  : Rsq = 0.503517, MSE = 0.0557174, -logLik/N = 0.213432
  0.25  : Rsq = 0.575977, MSE = 0.0461884, -logLik/N = 0.187607
  0.5   : Rsq = 0.583596, MSE = 0.0454898, -logLik/N = 0.185869
  0.75  : Rsq = 0.589197, MSE = 0.0450079, -logLik/N = 0.184584
  0.99  : Rsq = 0.596254, MSE = 0.0444781, -logLik/N = 0.183333<- min value
  * making predictions...writing LOCO predictions...done (32ms) 

List of blup files written to: [results/regenie/b_lin_seed4_step1_pred.list]

Elapsed time : 5.41392s
End time: Sun May 10 20:29:44 2026

