Start time: Thu Apr 30 16:42:47 2026

              |===========================|
              |      REGENIE v3.4.gz      |
              |===========================|

Copyright (c) 2020-2023 Joelle Mbatchou, Andrey Ziyatdinov and Jonathan Marchini.
Distributed under the MIT License.
Compiled with Boost Iostream library.

Log of output saved in file : results/regenie/b_lin_ld_step1.log

Options in effect:
  --step 1 \
  --bed data_for_regenie/data_filtered \
  --phenoFile data/runs/b_lin_ld/final_phenotype.txt \
  --bt \
  --bsize 1000 \
  --out results/regenie/b_lin_ld_step1

Fitting null model
 * bim              : [data_for_regenie/data_filtered.bim] n_snps = 5233
 * fam              : [data_for_regenie/data_filtered.fam] n_samples = 2504
 * bed              : [data_for_regenie/data_filtered.bed]
 * phenotypes       : [data/runs/b_lin_ld/final_phenotype.txt] n_pheno = 1
   -dropping observations with missing values at any of the phenotypes
   -number of phenotyped individuals with no missing data = 2504
 * number of individuals used in analysis = 2504
 * case-control counts for each trait:
   - 'Phenotype_1': 501 cases and 2003 controls
   -fitting null logistic regression on binary phenotypes...done (1ms) 
   -residualizing and scaling phenotypes...done (0ms) 
   -WARNING: Sample size is less than 5,000 so using LOOCV instead of 5-fold CV.
 * # threads        : [7]
 * block size       : [1000]
 * # blocks         : [6] for 5233 variants
 * # CV folds       : [2504]
 * ridge data_l0    : [5 : 0.01 0.25 0.5 0.75 0.99 ]
 * ridge data_l1    : [5 : 0.01 0.25 0.5 0.75 0.99 ]
 * approximate memory usage : 975MB
 * setting memory...done

Chromosome 15
 block [1] : 1000 snps  (39ms) 
   -residualizing and scaling genotypes...done (20ms) 
   -calc working matrices...done (1218ms) 
   -calc level 0 ridge...done (441ms) 
 block [2] : 1000 snps  (26ms) 
   -residualizing and scaling genotypes...done (8ms) 
   -calc working matrices...done (1159ms) 
   -calc level 0 ridge...done (429ms) 
 block [3] : 1000 snps  (27ms) 
   -residualizing and scaling genotypes...done (8ms) 
   -calc working matrices...done (1115ms) 
   -calc level 0 ridge...done (430ms) 
 block [4] : 1000 snps  (27ms) 
   -residualizing and scaling genotypes...done (8ms) 
   -calc working matrices...done (1189ms) 
   -calc level 0 ridge...done (429ms) 
 block [5] : 1000 snps  (27ms) 
   -residualizing and scaling genotypes...done (8ms) 
   -calc working matrices...done (1174ms) 
   -calc level 0 ridge...done (429ms) 
 block [6] : 233 snps  (5ms) 
   -residualizing and scaling genotypes...done (3ms) 
   -calc working matrices...done (34ms) 
   -calc level 0 ridge...done (29ms) 

 Level 1 ridge with logistic regression...
   -on phenotype 1 (Phenotype_1)...done (22ms) 

Output
------
phenotype 1 (Phenotype_1) : 
  0.01  : Rsq = 0.557697, MSE = 0.0751774, -logLik/N = 0.271059
  0.25  : Rsq = 0.579472, MSE = 0.0720552, -logLik/N = 0.256365
  0.5   : Rsq = 0.581035, MSE = 0.0719574, -logLik/N = 0.255367
  0.75  : Rsq = 0.581145, MSE = 0.0720791, -logLik/N = 0.255176<- min value
  0.99  : Rsq = 0.580235, MSE = 0.0724896, -logLik/N = 0.255647
  * making predictions...writing LOCO predictions...done (43ms) 

List of blup files written to: [results/regenie/b_lin_ld_step1_pred.list]

Elapsed time : 8.44274s
End time: Thu Apr 30 16:42:56 2026

