Start time: Sun May 10 18:28:33 2026

              |===========================|
              |      REGENIE v3.4.gz      |
              |===========================|

Copyright (c) 2020-2023 Joelle Mbatchou, Andrey Ziyatdinov and Jonathan Marchini.
Distributed under the MIT License.
Compiled with Boost Iostream library.

Log of output saved in file : results/regenie/b_lin_seed5_step2.log

Options in effect:
  --step 2 \
  --bgen data_for_regenie/data_step2_filtered.bgen \
  --sample data_for_regenie/data_step2_filtered.sample \
  --phenoFile data/runs/b_lin_seed5/final_phenotype.txt \
  --bt \
  --bsize 1000 \
  --pred results/regenie/b_lin_seed5_step1_pred.list \
  --out results/regenie/b_lin_seed5_step2

Association testing mode
 * bgen             : [data_for_regenie/data_step2_filtered.bgen]
   -summary : bgen file (v1.2 layout, zlib compressed) with 2504 named samples and 5233 variants with 16-bit encoding.
   -sample file: data_for_regenie/data_step2_filtered.sample
 * phenotypes       : [data/runs/b_lin_seed5/final_phenotype.txt] n_pheno = 1
   -dropping observations with missing values at any of the phenotypes
   -number of phenotyped individuals with no missing data = 2504
 * number of individuals used in analysis = 2504
 * case-control counts for each trait:
   - 'Phenotype_1': 495 cases and 2009 controls
 * LOCO predictions : [results/regenie/b_lin_seed5_step1_pred.list]
   -file [/Users/katerynacagarna/Desktop/Thesis/Code_thesis/results/regenie/b_lin_seed5_step1_1.loco] for phenotype 'Phenotype_1'
 * # threads        : [7]
 * block size       : [1000]
 * # blocks         : [6]
 * approximate memory usage : 40MB
 * using minimum MAC of 5 (variants with lower MAC are ignored)

Chromosome 15 [6 blocks in total]
   -reading loco predictions for the chromosome...done (2ms) 
   -fitting null logistic regression on binary phenotypes...done (0ms) 
 block [1/6] : done (365ms) 
 block [2/6] : done (438ms) 
 block [3/6] : done (363ms) 
 block [4/6] : done (357ms) 
 block [5/6] : done (356ms) 
 block [6/6] : done (86ms) 

Association results stored separately for each trait in files : 
* [results/regenie/b_lin_seed5_step2_Phenotype_1.regenie]

Number of ignored tests due to low MAC : 0

Elapsed time : 2.02054s
End time: Sun May 10 18:28:35 2026

