Start time: Tue May  5 16:07:39 2026

              |===========================|
              |      REGENIE v3.4.gz      |
              |===========================|

Copyright (c) 2020-2023 Joelle Mbatchou, Andrey Ziyatdinov and Jonathan Marchini.
Distributed under the MIT License.
Compiled with Boost Iostream library.

Log of output saved in file : results/regenie/b_lin_step1.log

Options in effect:
  --step 1 \
  --bed data_for_regenie/data_filtered \
  --phenoFile data/runs/b_lin/final_phenotype.txt \
  --bt \
  --bsize 1000 \
  --out results/regenie/b_lin_step1

Fitting null model
 * bim              : [data_for_regenie/data_filtered.bim] n_snps = 5233
 * fam              : [data_for_regenie/data_filtered.fam] n_samples = 2504
 * bed              : [data_for_regenie/data_filtered.bed]
 * phenotypes       : [data/runs/b_lin/final_phenotype.txt] n_pheno = 1
   -dropping observations with missing values at any of the phenotypes
   -number of phenotyped individuals with no missing data = 2504
 * number of individuals used in analysis = 2504
 * case-control counts for each trait:
   - 'Phenotype_1': 501 cases and 2003 controls
   -fitting null logistic regression on binary phenotypes...done (2ms) 
   -residualizing and scaling phenotypes...done (0ms) 
   -WARNING: Sample size is less than 5,000 so using LOOCV instead of 5-fold CV.
 * # threads        : [7]
 * block size       : [1000]
 * # blocks         : [6] for 5233 variants
 * # CV folds       : [2504]
 * ridge data_l0    : [5 : 0.01 0.25 0.5 0.75 0.99 ]
 * ridge data_l1    : [5 : 0.01 0.25 0.5 0.75 0.99 ]
 * approximate memory usage : 975MB
 * setting memory...done

Chromosome 15
 block [1] : 1000 snps  (17ms) 
   -residualizing and scaling genotypes...done (11ms) 
   -calc working matrices...done (738ms) 
   -calc level 0 ridge...done (274ms) 
 block [2] : 1000 snps  (16ms) 
   -residualizing and scaling genotypes...done (6ms) 
   -calc working matrices...done (722ms) 
   -calc level 0 ridge...done (264ms) 
 block [3] : 1000 snps  (16ms) 
   -residualizing and scaling genotypes...done (6ms) 
   -calc working matrices...done (686ms) 
   -calc level 0 ridge...done (260ms) 
 block [4] : 1000 snps  (16ms) 
   -residualizing and scaling genotypes...done (5ms) 
   -calc working matrices...done (733ms) 
   -calc level 0 ridge...done (261ms) 
 block [5] : 1000 snps  (16ms) 
   -residualizing and scaling genotypes...done (6ms) 
   -calc working matrices...done (724ms) 
   -calc level 0 ridge...done (264ms) 
 block [6] : 233 snps  (3ms) 
   -residualizing and scaling genotypes...done (2ms) 
   -calc working matrices...done (21ms) 
   -calc level 0 ridge...done (16ms) 

 Level 1 ridge with logistic regression...
   -on phenotype 1 (Phenotype_1)...done (13ms) 

Output
------
phenotype 1 (Phenotype_1) : 
  0.01  : Rsq = 0.447372, MSE = 0.0981147, -logLik/N = 0.332635
  0.25  : Rsq = 0.505762, MSE = 0.0860811, -logLik/N = 0.293289
  0.5   : Rsq = 0.510742, MSE = 0.0856299, -logLik/N = 0.291102
  0.75  : Rsq = 0.513086, MSE = 0.0854973, -logLik/N = 0.290138
  0.99  : Rsq = 0.51597, MSE = 0.0853161, -logLik/N = 0.289051<- min value
  * making predictions...writing LOCO predictions...done (26ms) 

List of blup files written to: [results/regenie/b_lin_step1_pred.list]

Elapsed time : 5.17571s
End time: Tue May  5 16:07:45 2026

