Start time: Sun May 10 20:29:44 2026

              |===========================|
              |      REGENIE v3.4.gz      |
              |===========================|

Copyright (c) 2020-2023 Joelle Mbatchou, Andrey Ziyatdinov and Jonathan Marchini.
Distributed under the MIT License.
Compiled with Boost Iostream library.

Log of output saved in file : results/regenie/b_lin_seed5_step1.log

Options in effect:
  --step 1 \
  --bed data_for_regenie/data_filtered \
  --phenoFile data/runs/b_lin_seed5/final_phenotype.txt \
  --bt \
  --bsize 1000 \
  --out results/regenie/b_lin_seed5_step1

Fitting null model
 * bim              : [data_for_regenie/data_filtered.bim] n_snps = 5233
 * fam              : [data_for_regenie/data_filtered.fam] n_samples = 2504
 * bed              : [data_for_regenie/data_filtered.bed]
 * phenotypes       : [data/runs/b_lin_seed5/final_phenotype.txt] n_pheno = 1
   -dropping observations with missing values at any of the phenotypes
   -number of phenotyped individuals with no missing data = 2504
 * number of individuals used in analysis = 2504
 * case-control counts for each trait:
   - 'Phenotype_1': 495 cases and 2009 controls
   -fitting null logistic regression on binary phenotypes...done (0ms) 
   -residualizing and scaling phenotypes...done (0ms) 
   -WARNING: Sample size is less than 5,000 so using LOOCV instead of 5-fold CV.
 * # threads        : [7]
 * block size       : [1000]
 * # blocks         : [6] for 5233 variants
 * # CV folds       : [2504]
 * ridge data_l0    : [5 : 0.01 0.25 0.5 0.75 0.99 ]
 * ridge data_l1    : [5 : 0.01 0.25 0.5 0.75 0.99 ]
 * approximate memory usage : 975MB
 * setting memory...done

Chromosome 15
 block [1] : 1000 snps  (21ms) 
   -residualizing and scaling genotypes...done (13ms) 
   -calc working matrices...done (969ms) 
   -calc level 0 ridge...done (286ms) 
 block [2] : 1000 snps  (20ms) 
   -residualizing and scaling genotypes...done (10ms) 
   -calc working matrices...done (734ms) 
   -calc level 0 ridge...done (269ms) 
 block [3] : 1000 snps  (16ms) 
   -residualizing and scaling genotypes...done (6ms) 
   -calc working matrices...done (709ms) 
   -calc level 0 ridge...done (268ms) 
 block [4] : 1000 snps  (16ms) 
   -residualizing and scaling genotypes...done (8ms) 
   -calc working matrices...done (746ms) 
   -calc level 0 ridge...done (279ms) 
 block [5] : 1000 snps  (16ms) 
   -residualizing and scaling genotypes...done (6ms) 
   -calc working matrices...done (762ms) 
   -calc level 0 ridge...done (268ms) 
 block [6] : 233 snps  (3ms) 
   -residualizing and scaling genotypes...done (3ms) 
   -calc working matrices...done (22ms) 
   -calc level 0 ridge...done (20ms) 

 Level 1 ridge with logistic regression...
   -on phenotype 1 (Phenotype_1)...done (12ms) 

Output
------
phenotype 1 (Phenotype_1) : 
  0.01  : Rsq = 0.500969, MSE = 0.0902569, -logLik/N = 0.311847
  0.25  : Rsq = 0.563766, MSE = 0.0789033, -logLik/N = 0.275963
  0.5   : Rsq = 0.573622, MSE = 0.0778365, -logLik/N = 0.272707
  0.75  : Rsq = 0.579165, MSE = 0.0772816, -logLik/N = 0.270802
  0.99  : Rsq = 0.584216, MSE = 0.0769545, -logLik/N = 0.26921<- min value
  * making predictions...writing LOCO predictions...done (27ms) 

List of blup files written to: [results/regenie/b_lin_seed5_step1_pred.list]

Elapsed time : 5.56079s
End time: Sun May 10 20:29:49 2026

