Start time: Mon May  4 14:58:52 2026

              |===========================|
              |      REGENIE v3.4.gz      |
              |===========================|

Copyright (c) 2020-2023 Joelle Mbatchou, Andrey Ziyatdinov and Jonathan Marchini.
Distributed under the MIT License.
Compiled with Boost Iostream library.

Log of output saved in file : results/regenie/q_lin_ld_step1.log

Options in effect:
  --step 1 \
  --bed data_for_regenie/data_filtered \
  --phenoFile data/runs/q_lin_ld/final_phenotype.txt \
  --qt \
  --bsize 1000 \
  --out results/regenie/q_lin_ld_step1

Fitting null model
 * bim              : [data_for_regenie/data_filtered.bim] n_snps = 5233
 * fam              : [data_for_regenie/data_filtered.fam] n_samples = 2504
 * bed              : [data_for_regenie/data_filtered.bed]
 * phenotypes       : [data/runs/q_lin_ld/final_phenotype.txt] n_pheno = 1
   -dropping observations with missing values at any of the phenotypes
   -number of phenotyped individuals with no missing data = 2504
 * number of individuals used in analysis = 2504
 * number of observations for each trait:
   - 'Phenotype_1': 2504 observations
   -residualizing and scaling phenotypes...done (0ms) 
 * # threads        : [7]
 * block size       : [1000]
 * # blocks         : [6] for 5233 variants
 * # CV folds       : [5]
 * ridge data_l0    : [5 : 0.01 0.25 0.5 0.75 0.99 ]
 * ridge data_l1    : [5 : 0.01 0.25 0.5 0.75 0.99 ]
 * approximate memory usage : 22MB
 * setting memory...done

Chromosome 15
 block [1] : 1000 snps  (28ms) 
   -residualizing and scaling genotypes...done (18ms) 
   -calc working matrices...done (455ms) 
   -calc level 0 ridge...done (3826ms) 
 block [2] : 1000 snps  (26ms) 
   -residualizing and scaling genotypes...done (11ms) 
   -calc working matrices...done (424ms) 
   -calc level 0 ridge...done (3594ms) 
 block [3] : 1000 snps  (25ms) 
   -residualizing and scaling genotypes...done (8ms) 
   -calc working matrices...done (418ms) 
   -calc level 0 ridge...done (3338ms) 
 block [4] : 1000 snps  (26ms) 
   -residualizing and scaling genotypes...done (8ms) 
   -calc working matrices...done (424ms) 
   -calc level 0 ridge...done (3796ms) 
 block [5] : 1000 snps  (28ms) 
   -residualizing and scaling genotypes...done (8ms) 
   -calc working matrices...done (419ms) 
   -calc level 0 ridge...done (3663ms) 
 block [6] : 233 snps  (7ms) 
   -residualizing and scaling genotypes...done (1ms) 
   -calc working matrices...done (24ms) 
   -calc level 0 ridge...done (53ms) 

 Level 1 ridge...
   -on phenotype 1 (Phenotype_1)...done (1ms) 

Output
------
phenotype 1 (Phenotype_1) : 
  0.01  : Rsq = 0.570214, MSE = 0.46044
  0.25  : Rsq = 0.620373, MSE = 0.3796
  0.5   : Rsq = 0.624089, MSE = 0.37578
  0.75  : Rsq = 0.625632, MSE = 0.374275
  0.99  : Rsq = 0.625807, MSE = 0.374257<- min value
  * making predictions...writing LOCO predictions...done (39ms) 

List of blup files written to: [results/regenie/q_lin_ld_step1_pred.list]

Elapsed time : 20.7462s
End time: Mon May  4 14:59:12 2026

