Start time: Tue Apr 28 18:24:07 2026

              |===========================|
              |      REGENIE v3.4.gz      |
              |===========================|

Copyright (c) 2020-2023 Joelle Mbatchou, Andrey Ziyatdinov and Jonathan Marchini.
Distributed under the MIT License.
Compiled with Boost Iostream library.

Log of output saved in file : results/regenie/q_lin_step1.log

Options in effect:
  --step 1 \
  --bed data_for_regenie/data_filtered \
  --phenoFile data/runs/q_lin/final_phenotype.txt \
  --qt \
  --bsize 1000 \
  --out results/regenie/q_lin_step1

Fitting null model
 * bim              : [data_for_regenie/data_filtered.bim] n_snps = 5233
 * fam              : [data_for_regenie/data_filtered.fam] n_samples = 2504
 * bed              : [data_for_regenie/data_filtered.bed]
 * phenotypes       : [data/runs/q_lin/final_phenotype.txt] n_pheno = 1
   -dropping observations with missing values at any of the phenotypes
   -number of phenotyped individuals with no missing data = 2504
 * number of individuals used in analysis = 2504
 * number of observations for each trait:
   - 'Phenotype_1': 2504 observations
   -residualizing and scaling phenotypes...done (0ms) 
 * # threads        : [7]
 * block size       : [1000]
 * # blocks         : [6] for 5233 variants
 * # CV folds       : [5]
 * ridge data_l0    : [5 : 0.01 0.25 0.5 0.75 0.99 ]
 * ridge data_l1    : [5 : 0.01 0.25 0.5 0.75 0.99 ]
 * approximate memory usage : 22MB
 * setting memory...done

Chromosome 15
 block [1] : 1000 snps  (28ms) 
   -residualizing and scaling genotypes...done (16ms) 
   -calc working matrices...done (460ms) 
   -calc level 0 ridge...done (4495ms) 
 block [2] : 1000 snps  (33ms) 
   -residualizing and scaling genotypes...done (15ms) 
   -calc working matrices...done (438ms) 
   -calc level 0 ridge...done (3594ms) 
 block [3] : 1000 snps  (26ms) 
   -residualizing and scaling genotypes...done (8ms) 
   -calc working matrices...done (418ms) 
   -calc level 0 ridge...done (3340ms) 
 block [4] : 1000 snps  (26ms) 
   -residualizing and scaling genotypes...done (9ms) 
   -calc working matrices...done (432ms) 
   -calc level 0 ridge...done (3857ms) 
 block [5] : 1000 snps  (30ms) 
   -residualizing and scaling genotypes...done (11ms) 
   -calc working matrices...done (441ms) 
   -calc level 0 ridge...done (3715ms) 
 block [6] : 233 snps  (6ms) 
   -residualizing and scaling genotypes...done (1ms) 
   -calc working matrices...done (25ms) 
   -calc level 0 ridge...done (57ms) 

 Level 1 ridge...
   -on phenotype 1 (Phenotype_1)...done (1ms) 

Output
------
phenotype 1 (Phenotype_1) : 
  0.01  : Rsq = 0.639206, MSE = 0.398856
  0.25  : Rsq = 0.663159, MSE = 0.336729
  0.5   : Rsq = 0.664063, MSE = 0.335822
  0.75  : Rsq = 0.664463, MSE = 0.335477<- min value
  0.99  : Rsq = 0.663994, MSE = 0.336048
  * making predictions...writing LOCO predictions...done (41ms) 

List of blup files written to: [results/regenie/q_lin_step1_pred.list]

Elapsed time : 21.6018s
End time: Tue Apr 28 18:24:28 2026

