Start time: Sun May 10 20:36:13 2026

              |===========================|
              |      REGENIE v3.4.gz      |
              |===========================|

Copyright (c) 2020-2023 Joelle Mbatchou, Andrey Ziyatdinov and Jonathan Marchini.
Distributed under the MIT License.
Compiled with Boost Iostream library.

Log of output saved in file : results/regenie/q_lin_seed3_step1.log

Options in effect:
  --step 1 \
  --bed data_for_regenie/data_filtered \
  --phenoFile data/runs/q_lin_seed3/final_phenotype.txt \
  --qt \
  --bsize 1000 \
  --out results/regenie/q_lin_seed3_step1

Fitting null model
 * bim              : [data_for_regenie/data_filtered.bim] n_snps = 5233
 * fam              : [data_for_regenie/data_filtered.fam] n_samples = 2504
 * bed              : [data_for_regenie/data_filtered.bed]
 * phenotypes       : [data/runs/q_lin_seed3/final_phenotype.txt] n_pheno = 1
   -dropping observations with missing values at any of the phenotypes
   -number of phenotyped individuals with no missing data = 2504
 * number of individuals used in analysis = 2504
 * number of observations for each trait:
   - 'Phenotype_1': 2504 observations
   -residualizing and scaling phenotypes...done (0ms) 
 * # threads        : [7]
 * block size       : [1000]
 * # blocks         : [6] for 5233 variants
 * # CV folds       : [5]
 * ridge data_l0    : [5 : 0.01 0.25 0.5 0.75 0.99 ]
 * ridge data_l1    : [5 : 0.01 0.25 0.5 0.75 0.99 ]
 * approximate memory usage : 22MB
 * setting memory...done

Chromosome 15
 block [1] : 1000 snps  (18ms) 
   -residualizing and scaling genotypes...done (11ms) 
   -calc working matrices...done (282ms) 
   -calc level 0 ridge...done (2482ms) 
 block [2] : 1000 snps  (16ms) 
   -residualizing and scaling genotypes...done (9ms) 
   -calc working matrices...done (267ms) 
   -calc level 0 ridge...done (2295ms) 
 block [3] : 1000 snps  (16ms) 
   -residualizing and scaling genotypes...done (6ms) 
   -calc working matrices...done (268ms) 
   -calc level 0 ridge...done (2119ms) 
 block [4] : 1000 snps  (17ms) 
   -residualizing and scaling genotypes...done (9ms) 
   -calc working matrices...done (271ms) 
   -calc level 0 ridge...done (2456ms) 
 block [5] : 1000 snps  (20ms) 
   -residualizing and scaling genotypes...done (7ms) 
   -calc working matrices...done (275ms) 
   -calc level 0 ridge...done (2318ms) 
 block [6] : 233 snps  (3ms) 
   -residualizing and scaling genotypes...done (1ms) 
   -calc working matrices...done (15ms) 
   -calc level 0 ridge...done (33ms) 

 Level 1 ridge...
   -on phenotype 1 (Phenotype_1)...done (0ms) 

Output
------
phenotype 1 (Phenotype_1) : 
  0.01  : Rsq = 0.704936, MSE = 0.328304
  0.25  : Rsq = 0.72949, MSE = 0.270445
  0.5   : Rsq = 0.729977, MSE = 0.269917
  0.75  : Rsq = 0.730031, MSE = 0.269882<- min value
  0.99  : Rsq = 0.729571, MSE = 0.270388
  * making predictions...writing LOCO predictions...done (24ms) 

List of blup files written to: [results/regenie/q_lin_seed3_step1_pred.list]

Elapsed time : 13.2885s
End time: Sun May 10 20:36:27 2026

