Start time: Tue Apr 28 18:12:21 2026

              |===========================|
              |      REGENIE v3.4.gz      |
              |===========================|

Copyright (c) 2020-2023 Joelle Mbatchou, Andrey Ziyatdinov and Jonathan Marchini.
Distributed under the MIT License.
Compiled with Boost Iostream library.

Log of output saved in file : results/regenie/addit2/step1.log

Options in effect:
  --step 1 \
  --bed data_for_regenie/data_filtered \
  --phenoFile data/runs/addit2/final_phenotype.txt \
  --qt \
  --bsize 1000 \
  --out results/regenie/addit2/step1

Fitting null model
 * bim              : [data_for_regenie/data_filtered.bim] n_snps = 5233
 * fam              : [data_for_regenie/data_filtered.fam] n_samples = 2504
 * bed              : [data_for_regenie/data_filtered.bed]
 * phenotypes       : [data/runs/addit2/final_phenotype.txt] n_pheno = 1
   -dropping observations with missing values at any of the phenotypes
   -number of phenotyped individuals with no missing data = 2504
 * number of individuals used in analysis = 2504
 * number of observations for each trait:
   - 'Phenotype_1': 2504 observations
   -residualizing and scaling phenotypes...done (0ms) 
 * # threads        : [7]
 * block size       : [1000]
 * # blocks         : [6] for 5233 variants
 * # CV folds       : [5]
 * ridge data_l0    : [5 : 0.01 0.25 0.5 0.75 0.99 ]
 * ridge data_l1    : [5 : 0.01 0.25 0.5 0.75 0.99 ]
 * approximate memory usage : 22MB
 * setting memory...done

Chromosome 15
 block [1] : 1000 snps  (20ms) 
   -residualizing and scaling genotypes...done (13ms) 
   -calc working matrices...done (281ms) 
   -calc level 0 ridge...done (2354ms) 
 block [2] : 1000 snps  (18ms) 
   -residualizing and scaling genotypes...done (11ms) 
   -calc working matrices...done (270ms) 
   -calc level 0 ridge...done (2201ms) 
 block [3] : 1000 snps  (16ms) 
   -residualizing and scaling genotypes...done (6ms) 
   -calc working matrices...done (261ms) 
   -calc level 0 ridge...done (2061ms) 
 block [4] : 1000 snps  (17ms) 
   -residualizing and scaling genotypes...done (5ms) 
   -calc working matrices...done (259ms) 
   -calc level 0 ridge...done (2325ms) 
 block [5] : 1000 snps  (16ms) 
   -residualizing and scaling genotypes...done (6ms) 
   -calc working matrices...done (259ms) 
   -calc level 0 ridge...done (2267ms) 
 block [6] : 233 snps  (4ms) 
   -residualizing and scaling genotypes...done (1ms) 
   -calc working matrices...done (15ms) 
   -calc level 0 ridge...done (32ms) 

 Level 1 ridge...
   -on phenotype 1 (Phenotype_1)...done (1ms) 

Output
------
phenotype 1 (Phenotype_1) : 
  0.01  : Rsq = 0.661163, MSE = 0.375956
  0.25  : Rsq = 0.691854, MSE = 0.308084
  0.5   : Rsq = 0.693363, MSE = 0.306516
  0.75  : Rsq = 0.694596, MSE = 0.305308
  0.99  : Rsq = 0.695061, MSE = 0.304913<- min value
  * making predictions...writing LOCO predictions...done (23ms) 

List of blup files written to: [results/regenie/addit2/step1_pred.list]

Elapsed time : 12.8027s
End time: Tue Apr 28 18:12:33 2026

