Start time: Thu Apr 30 17:08:51 2026

              |===========================|
              |      REGENIE v3.4.gz      |
              |===========================|

Copyright (c) 2020-2023 Joelle Mbatchou, Andrey Ziyatdinov and Jonathan Marchini.
Distributed under the MIT License.
Compiled with Boost Iostream library.

Log of output saved in file : results/regenie/addit2nd3/addit2nd3_step2.log

Options in effect:
  --step 2 \
  --bgen data_for_regenie/data_step2_filtered.bgen \
  --sample data_for_regenie/data_step2_filtered.sample \
  --phenoFile data/runs/addit2nd3/final_phenotype.txt \
  --qt \
  --bsize 1000 \
  --pred results/regenie/addit2nd3/step1_pred.list \
  --out results/regenie/addit2nd3/addit2nd3_step2

Association testing mode
 * bgen             : [data_for_regenie/data_step2_filtered.bgen]
   -summary : bgen file (v1.2 layout, zlib compressed) with 2504 named samples and 5233 variants with 16-bit encoding.
   -sample file: data_for_regenie/data_step2_filtered.sample
 * phenotypes       : [data/runs/addit2nd3/final_phenotype.txt] n_pheno = 1
   -dropping observations with missing values at any of the phenotypes
   -number of phenotyped individuals with no missing data = 2504
 * number of individuals used in analysis = 2504
 * number of observations for each trait:
   - 'Phenotype_1': 2504 observations
 * LOCO predictions : [results/regenie/addit2nd3/step1_pred.list]
   -file [/Users/katerynacagarna/Desktop/Thesis/Code_thesis/results/regenie/addit2nd3/step1_1.loco] for phenotype 'Phenotype_1'
   -residualizing and scaling phenotypes...done (0ms) 
 * # threads        : [7]
 * block size       : [1000]
 * # blocks         : [6]
 * approximate memory usage : 40MB
 * using minimum MAC of 5 (variants with lower MAC are ignored)

Chromosome 15 [6 blocks in total]
   -reading loco predictions for the chromosome...done (4ms) 
 block [1/6] : done (667ms) 
 block [2/6] : done (599ms) 
 block [3/6] : done (596ms) 
 block [4/6] : done (598ms) 
 block [5/6] : done (597ms) 
 block [6/6] : done (144ms) 

Association results stored separately for each trait in files : 
* [results/regenie/addit2nd3/addit2nd3_step2_Phenotype_1.regenie]

Number of ignored tests due to low MAC : 0

Elapsed time : 3.29843s
End time: Thu Apr 30 17:08:54 2026

