Start time: Tue Apr 28 18:17:07 2026

              |===========================|
              |      REGENIE v3.4.gz      |
              |===========================|

Copyright (c) 2020-2023 Joelle Mbatchou, Andrey Ziyatdinov and Jonathan Marchini.
Distributed under the MIT License.
Compiled with Boost Iostream library.

Log of output saved in file : results/regenie/addit2nd3/step1.log

Options in effect:
  --step 1 \
  --bed data_for_regenie/data_filtered \
  --phenoFile data/runs/addit2nd3_ld/final_phenotype.txt \
  --qt \
  --bsize 1000 \
  --out results/regenie/addit2nd3/step1

Fitting null model
 * bim              : [data_for_regenie/data_filtered.bim] n_snps = 5233
 * fam              : [data_for_regenie/data_filtered.fam] n_samples = 2504
 * bed              : [data_for_regenie/data_filtered.bed]
 * phenotypes       : [data/runs/addit2nd3_ld/final_phenotype.txt] n_pheno = 1
   -dropping observations with missing values at any of the phenotypes
   -number of phenotyped individuals with no missing data = 2504
 * number of individuals used in analysis = 2504
 * number of observations for each trait:
   - 'Phenotype_1': 2504 observations
   -residualizing and scaling phenotypes...done (0ms) 
 * # threads        : [7]
 * block size       : [1000]
 * # blocks         : [6] for 5233 variants
 * # CV folds       : [5]
 * ridge data_l0    : [5 : 0.01 0.25 0.5 0.75 0.99 ]
 * ridge data_l1    : [5 : 0.01 0.25 0.5 0.75 0.99 ]
 * approximate memory usage : 22MB
 * setting memory...done

Chromosome 15
 block [1] : 1000 snps  (30ms) 
   -residualizing and scaling genotypes...done (17ms) 
   -calc working matrices...done (452ms) 
   -calc level 0 ridge...done (3814ms) 
 block [2] : 1000 snps  (27ms) 
   -residualizing and scaling genotypes...done (9ms) 
   -calc working matrices...done (429ms) 
   -calc level 0 ridge...